Uptime: 
 19:28:48 up 39 min,  1 user,  load average: 1,37, 1,38, 1,49

Current Users: 
oleg

Recent logins: 
oleg     :0           :0               Sun Mar 28 18:50   still logged in
reboot   system boot  4.15.0-20-generi Sun Mar 28 18:49   still running
oleg     :0           :0               Fri Mar 26 01:02 - down   (01:44)
reboot   system boot  4.15.0-20-generi Fri Mar 26 01:02 - 02:47  (01:45)
oleg     :0           :0               Thu Mar 25 22:36 - 23:28  (00:52)
reboot   system boot  4.15.0-20-generi Thu Mar 25 22:35 - 23:28  (00:53)
oleg     :0           :0               Thu Mar 25 22:00 - crash  (00:35)
reboot   system boot  4.15.0-20-generi Thu Mar 25 21:59 - 23:28  (01:28)
oleg     :0           :0               Thu Mar 25 21:50 - crash  (00:09)
reboot   system boot  4.15.0-20-generi Thu Mar 25 21:49 - 23:28  (01:39)
oleg     :0           :0               Thu Mar 25 20:36 - crash  (01:12)
reboot   system boot  4.15.0-20-generi Thu Mar 25 20:35 - 23:28  (02:52)
oleg     :0           :0               Wed Mar 24 20:09 - crash (1+00:26)
reboot   system boot  4.15.0-20-generi Wed Mar 24 20:08 - 23:28 (1+03:20)
oleg     :0           :0               Wed Mar 17 00:22 - down   (01:17)
reboot   system boot  4.15.0-20-generi Wed Mar 17 00:21 - 01:39  (01:18)
oleg     :0           :0               Wed Mar 17 00:07 - crash  (00:14)
reboot   system boot  4.15.0-20-generi Wed Mar 17 00:06 - 01:39  (01:32)
oleg     :0           :0               Tue Mar 16 12:38 - down   (01:39)
reboot   system boot  4.15.0-20-generi Tue Mar 16 12:37 - 14:17  (01:39)
oleg     :0           :0               Tue Mar 16 12:34 - 12:37  (00:02)
reboot   system boot  4.15.0-20-generi Tue Mar 16 12:33 - 12:37  (00:04)
oleg     :0           :0               Tue Mar 16 11:16 - 11:38  (00:22)
reboot   system boot  4.15.0-20-generi Tue Mar 16 11:15 - 11:39  (00:23)
oleg     :0           :0               Mon Mar 15 19:11 - crash  (16:03)
reboot   system boot  4.15.0-20-generi Mon Mar 15 19:08 - 11:39  (16:31)
oleg     :0           :0               Mon Mar 15 15:10 - 15:53  (00:42)
reboot   system boot  4.15.0-20-generi Mon Mar 15 15:09 - 15:53  (00:44)

wtmp begins Mon Mar 15 15:09:17 2021

Top-10 processes by RAM/CPU usage: 
  PID  PPID CMD                         %MEM %CPU
 2820  1706 telegram-desktop --         16.4  2.2
 1706  1364 /usr/bin/gnome-shell        12.6 13.3
 2001  1364 /usr/bin/gnome-software --g  9.4  0.6
 2979  2952 /usr/bin/python3 /usr/bin/u  9.0 97.6
 2071  2040 /usr/lib/evolution/evolutio  2.8  0.0
 1288  1282 /usr/lib/xorg/Xorg vt1 -dis  2.2  1.9
 2040  1161 /usr/lib/evolution/evolutio  1.9  0.0
 2153  1161 /usr/lib/gnome-terminal/gno  1.8  0.5
 2004  1364 nautilus-desktop             1.7  0.1

Open tcp/udp ports: 
Netid  State    Recv-Q   Send-Q      Local Address:Port      Peer Address:Port  
udp    UNCONN   0        0                 0.0.0.0:41831          0.0.0.0:*     
udp    UNCONN   42240    0           127.0.0.53%lo:53             0.0.0.0:*     
udp    UNCONN   0        0                 0.0.0.0:68             0.0.0.0:*     
udp    UNCONN   46848    0                 0.0.0.0:5353           0.0.0.0:*     
udp    UNCONN   0        0                 0.0.0.0:631            0.0.0.0:*     
udp    UNCONN   0        0                    [::]:38808             [::]:*     
udp    UNCONN   23808    0                    [::]:5353              [::]:*     
tcp    LISTEN   0        128         127.0.0.53%lo:53             0.0.0.0:*     
tcp    LISTEN   0        5               127.0.0.1:631            0.0.0.0:*     
tcp    LISTEN   0        5                   [::1]:631               [::]:*     

Virtual memory usage: 
              total        used        free      shared  buff/cache   available
Mem:        1400108      850892      101104        7440      448112      395528
Swap:        969960      205836      764124

Usage of disk space: 
Filesystem      Size  Used Avail Use% Mounted on
udev            655M     0  655M   0% /dev
tmpfs           137M  1,4M  136M   1% /run
/dev/sda1        20G  7,3G   12G  40% /
tmpfs           684M  1,7M  682M   1% /dev/shm
tmpfs           5,0M  4,0K  5,0M   1% /run/lock
tmpfs           684M     0  684M   0% /sys/fs/cgroup
/dev/loop4       21M   21M     0 100% /snap/gnome-logs/25
/dev/loop6      2,3M  2,3M     0 100% /snap/gnome-system-monitor/157
/dev/loop2      384K  384K     0 100% /snap/gnome-characters/570
/dev/loop3      100M  100M     0 100% /snap/core/10908
/dev/loop7       56M   56M     0 100% /snap/core18/1988
/dev/loop1      3,4M  3,4M     0 100% /snap/gnome-system-monitor/36
/dev/loop5      640K  640K     0 100% /snap/gnome-logs/103
/dev/loop9       13M   13M     0 100% /snap/gnome-characters/69
/dev/loop8      141M  141M     0 100% /snap/gnome-3-26-1604/59
/dev/loop12      62M   62M     0 100% /snap/core20/904
/dev/loop15     141M  141M     0 100% /snap/gnome-3-26-1604/100
/dev/loop16     2,5M  2,5M     0 100% /snap/gnome-calculator/884
/dev/loop13     100M  100M     0 100% /snap/core/10859
/dev/loop11     273M  273M     0 100% /snap/telegram-desktop/2551
/dev/loop10     1,7M  1,7M     0 100% /snap/gnome-calculator/154
/dev/loop14     219M  219M     0 100% /snap/gnome-3-34-1804/66
/dev/loop0       65M   65M     0 100% /snap/gtk-common-themes/1514
tmpfs           137M   32K  137M   1% /run/user/1000
